// Jest Snapshot v1, https://goo.gl/fbAQLP

exports[`<PDP/> renders with proper data 1`] = `
<div>
  <main
    class="PDP__ProductStyles-sc-o4iv9c-0 bUuHYa"
  >
    <div
      class="img-container"
    >
      <img
        alt="dogs are best"
        src="dog.jpg"
      />
    </div>
    <div
      class="content"
    >
      <div
        class="TitleBlock__TitleBlockStyles-sc-1oa93hk-0 EzZnr"
      >
        <h3
          class="Title-sc-16nq74k-0 jKqyec"
        >
          <span>
            dogs are best
          </span>
        </h3>
        <p
          class="Description-sc-1etfdho-0 jCgNpW"
        >
          <span>
            dogs
          </span>
        </p>
      </div>
      <div
        data-testid="price"
      >
        <span
          class="Price__PriceStyles-sc-1j6li5c-0 ezLsZj"
        >
          â‚¬50
        </span>
      </div>
      <div>
        <svg
          aria-hidden="true"
          class="svg-inline--fa fa-edit fa-w-18 fa-2x "
          data-icon="edit"
          data-prefix="fas"
          focusable="false"
          role="img"
          viewBox="0 0 576 512"
          xmlns="http://www.w3.org/2000/svg"
        >
          <path
            d="M402.6 83.2l90.2 90.2c3.8 3.8 3.8 10 0 13.8L274.4 405.6l-92.8 10.3c-12.4 1.4-22.9-9.1-21.5-21.5l10.3-92.8L388.8 83.2c3.8-3.8 10-3.8 13.8 0zm162-22.9l-48.8-48.8c-15.2-15.2-39.9-15.2-55.2 0l-35.4 35.4c-3.8 3.8-3.8 10 0 13.8l90.2 90.2c3.8 3.8 10 3.8 13.8 0l35.4-35.4c15.2-15.3 15.2-40 0-55.2zM384 346.2V448H64V128h229.8c3.2 0 6.2-1.3 8.5-3.5l40-40c7.6-7.6 2.2-20.5-8.5-20.5H48C21.5 64 0 85.5 0 112v352c0 26.5 21.5 48 48 48h352c26.5 0 48-21.5 48-48V306.2c0-10.7-12.9-16-20.5-8.5l-40 40c-2.2 2.3-3.5 5.3-3.5 8.5z"
            fill="currentColor"
          />
        </svg>
      </div>
      <button
        type="button"
      >
        Add
         To Cart ðŸ›’
      </button>
    </div>
  </main>
</div>
`;
